  Determining projects to restore...
D:\AMWork\ai\english-learn\apps\api\tests\EnglishCoach.ApiTests\EnglishCoach.ApiTests.csproj : warning NU1903: Package 'Microsoft.Extensions.Caching.Memory' 8.0.0 has a known high severity vulnerability, https://github.com/advisories/GHSA-qj66-m88j-hmgj
D:\AMWork\ai\english-learn\apps\api\src\EnglishCoach.Infrastructure\EnglishCoach.Infrastructure.csproj : warning NU1903: Package 'Microsoft.Extensions.Caching.Memory' 8.0.0 has a known high severity vulnerability, https://github.com/advisories/GHSA-qj66-m88j-hmgj [D:\AMWork\ai\english-learn\apps\api\tests\EnglishCoach.ApiTests\EnglishCoach.ApiTests.csproj]
  All projects are up-to-date for restore.
D:\AMWork\ai\english-learn\apps\api\tests\EnglishCoach.ApiTests\EnglishCoach.ApiTests.csproj : warning NU1903: Package 'Microsoft.Extensions.Caching.Memory' 8.0.0 has a known high severity vulnerability, https://github.com/advisories/GHSA-qj66-m88j-hmgj
D:\AMWork\ai\english-learn\apps\api\src\EnglishCoach.Infrastructure\EnglishCoach.Infrastructure.csproj : warning NU1903: Package 'Microsoft.Extensions.Caching.Memory' 8.0.0 has a known high severity vulnerability, https://github.com/advisories/GHSA-qj66-m88j-hmgj
  EnglishCoach.Contracts -> D:\AMWork\ai\english-learn\apps\api\src\EnglishCoach.Contracts\bin\Debug\net10.0\EnglishCoach.Contracts.dll
  EnglishCoach.SharedKernel -> D:\AMWork\ai\english-learn\apps\api\src\EnglishCoach.SharedKernel\bin\Debug\net10.0\EnglishCoach.SharedKernel.dll
  EnglishCoach.Domain -> D:\AMWork\ai\english-learn\apps\api\src\EnglishCoach.Domain\bin\Debug\net10.0\EnglishCoach.Domain.dll
  EnglishCoach.Application -> D:\AMWork\ai\english-learn\apps\api\src\EnglishCoach.Application\bin\Debug\net10.0\EnglishCoach.Application.dll
  EnglishCoach.Infrastructure -> D:\AMWork\ai\english-learn\apps\api\src\EnglishCoach.Infrastructure\bin\Debug\net10.0\EnglishCoach.Infrastructure.dll
  EnglishCoach.Api -> D:\AMWork\ai\english-learn\apps\api\src\EnglishCoach.Api\bin\Debug\net10.0\EnglishCoach.Api.dll
  EnglishCoach.ApiTests -> D:\AMWork\ai\english-learn\apps\api\tests\EnglishCoach.ApiTests\bin\Debug\net10.0\EnglishCoach.ApiTests.dll
Test run for D:\AMWork\ai\english-learn\apps\api\tests\EnglishCoach.ApiTests\bin\Debug\net10.0\EnglishCoach.ApiTests.dll (.NETCoreApp,Version=v10.0)
A total of 1 test files matched the specified pattern.
D:\AMWork\ai\english-learn\apps\api\tests\EnglishCoach.ApiTests\bin\Debug\net10.0\EnglishCoach.ApiTests.dll
[xUnit.net 00:00:00.00] xUnit.net VSTest Adapter v2.5.3.1+6b60a9e56a (64-bit .NET 10.0.7)
[xUnit.net 00:00:00.06]   Discovering: EnglishCoach.ApiTests
[xUnit.net 00:00:00.09]   Discovered:  EnglishCoach.ApiTests
[xUnit.net 00:00:00.09]   Starting:    EnglishCoach.ApiTests
info: Microsoft.EntityFrameworkCore.Database.Command[20101]
      Executed DbCommand (7ms) [Parameters=[], CommandType='Text', CommandTimeout='30']
      SELECT COUNT(*) FROM "sqlite_master" WHERE "type" = 'table' AND "rootpage" IS NOT NULL;
info: Microsoft.EntityFrameworkCore.Database.Command[20101]
      Executed DbCommand (0ms) [Parameters=[], CommandType='Text', CommandTimeout='30']
      CREATE TABLE "learner_profiles" (
          "user_id" TEXT NOT NULL CONSTRAINT "PK_learner_profiles" PRIMARY KEY,
          "display_name" TEXT NOT NULL,
          "native_language" TEXT NOT NULL,
          "timezone" TEXT NOT NULL,
          "current_english_level" TEXT NOT NULL,
          "target_use_case" TEXT NOT NULL,
          "target_timeline_weeks" INTEGER NOT NULL,
          "role" TEXT NOT NULL
      );
info: Microsoft.EntityFrameworkCore.Database.Command[20101]
      Executed DbCommand (0ms) [Parameters=[], CommandType='Text', CommandTimeout='30']
      CREATE TABLE "NotebookEntries" (
          "Id" TEXT NOT NULL CONSTRAINT "PK_NotebookEntries" PRIMARY KEY,
          "LearnerId" TEXT NOT NULL,
          "PatternKey" TEXT NOT NULL,
          "Category" TEXT NOT NULL,
          "Severity" TEXT NOT NULL,
          "OriginalExample" TEXT NOT NULL,
          "CorrectedExample" TEXT NOT NULL,
          "ExplanationVi" TEXT NOT NULL,
          "RecurrenceCount" INTEGER NOT NULL,
          "State" TEXT NOT NULL,
          "EvidenceRefs" TEXT NOT NULL,
          "CreatedAtUtc" TEXT NOT NULL,
          "UpdatedAtUtc" TEXT NOT NULL
      );
info: Microsoft.EntityFrameworkCore.Database.Command[20101]
      Executed DbCommand (0ms) [Parameters=[], CommandType='Text', CommandTimeout='30']
      CREATE TABLE "Phrases" (
          "Id" TEXT NOT NULL CONSTRAINT "PK_Phrases" PRIMARY KEY,
          "Text" TEXT NOT NULL,
          "ViMeaning" TEXT NOT NULL,
          "CommunicationFunction" TEXT NOT NULL,
          "Level" TEXT NOT NULL,
          "Example" TEXT NOT NULL,
          "ContentVersion" INTEGER NOT NULL,
          "State" TEXT NOT NULL,
          "CreatedAtUtc" TEXT NOT NULL,
          "UpdatedAtUtc" TEXT NOT NULL
      );
info: Microsoft.EntityFrameworkCore.Database.Command[20101]
      Executed DbCommand (0ms) [Parameters=[], CommandType='Text', CommandTimeout='30']
      CREATE TABLE "review_items" (
          "id" TEXT NOT NULL CONSTRAINT "PK_review_items" PRIMARY KEY,
          "user_id" TEXT NOT NULL,
          "item_id" TEXT NOT NULL,
          "review_track" TEXT NOT NULL,
          "display_text" TEXT NOT NULL,
          "display_subtitle" TEXT NULL,
          "mastery_state" TEXT NOT NULL,
          "repetition_count" INTEGER NOT NULL,
          "due_at_utc" bigint NOT NULL,
          "created_at_utc" bigint NOT NULL,
          "updated_at_utc" bigint NOT NULL,
          "last_completed_at_utc" bigint NULL
      );
info: Microsoft.EntityFrameworkCore.Database.Command[20101]
      Executed DbCommand (0ms) [Parameters=[], CommandType='Text', CommandTimeout='30']
      CREATE TABLE "RoleplayScenarios" (
          "Id" TEXT NOT NULL CONSTRAINT "PK_RoleplayScenarios" PRIMARY KEY,
          "Title" TEXT NOT NULL,
          "WorkplaceContext" TEXT NOT NULL,
          "UserRole" TEXT NOT NULL,
          "ClientPersona" TEXT NOT NULL,
          "CommunicationGoal" TEXT NOT NULL,
          "MustCoverPoints" TEXT NOT NULL,
          "TargetPhraseIds" TEXT NOT NULL,
          "PassCriteria" TEXT NOT NULL,
          "Difficulty" INTEGER NOT NULL,
          "ContentVersion" INTEGER NOT NULL,
          "State" TEXT NOT NULL,
          "CreatedAtUtc" TEXT NOT NULL,
          "UpdatedAtUtc" TEXT NOT NULL
      );
info: Microsoft.EntityFrameworkCore.Database.Command[20101]
      Executed DbCommand (0ms) [Parameters=[], CommandType='Text', CommandTimeout='30']
      CREATE TABLE "RoleplaySessions" (
          "Id" TEXT NOT NULL CONSTRAINT "PK_RoleplaySessions" PRIMARY KEY,
          "LearnerId" TEXT NOT NULL,
          "ScenarioId" TEXT NOT NULL,
          "ScenarioContentVersion" INTEGER NOT NULL,
          "State" TEXT NOT NULL,
          "SummaryResult" TEXT NULL,
          "SummaryClearPoints" TEXT NULL,
          "SummaryTopMistakes" TEXT NULL,
          "SummaryImprovedAnswer" TEXT NULL,
          "SummaryPhrasesToReview" TEXT NULL,
          "SummaryRetryChallenge" TEXT NULL,
          "CreatedAtUtc" TEXT NOT NULL,
          "UpdatedAtUtc" TEXT NOT NULL
      );
info: Microsoft.EntityFrameworkCore.Database.Command[20101]
      Executed DbCommand (0ms) [Parameters=[], CommandType='Text', CommandTimeout='30']
      CREATE TABLE "SpeakingAttempts" (
          "Id" TEXT NOT NULL CONSTRAINT "PK_SpeakingAttempts" PRIMARY KEY,
          "LearnerId" TEXT NOT NULL,
          "ContentItemId" TEXT NOT NULL,
          "State" TEXT NOT NULL,
          "AudioUrl" TEXT NOT NULL,
          "RawTranscript" TEXT NOT NULL,
          "NormalizedTranscript" TEXT NOT NULL,
          "FeedbackTopMistakes" TEXT NULL,
          "FeedbackImprovedAnswer" TEXT NULL,
          "FeedbackPhrasesToReview" TEXT NULL,
          "FeedbackRetryPrompt" TEXT NULL,
          "CreatedAtUtc" TEXT NOT NULL,
          "UpdatedAtUtc" TEXT NOT NULL
      );
info: Microsoft.EntityFrameworkCore.Database.Command[20101]
      Executed DbCommand (0ms) [Parameters=[], CommandType='Text', CommandTimeout='30']
      CREATE TABLE "review_attempts" (
          "id" TEXT NOT NULL CONSTRAINT "PK_review_attempts" PRIMARY KEY,
          "review_item_id" TEXT NOT NULL,
          "quality" TEXT NOT NULL,
          "previous_state" TEXT NOT NULL,
          "next_state" TEXT NOT NULL,
          "previous_repetition_count" INTEGER NOT NULL,
          "next_repetition_count" INTEGER NOT NULL,
          "completed_at_utc" bigint NOT NULL,
          "next_due_at_utc" bigint NOT NULL,
          CONSTRAINT "FK_review_attempts_review_items_review_item_id" FOREIGN KEY ("review_item_id") REFERENCES "review_items" ("id") ON DELETE CASCADE
      );
info: Microsoft.EntityFrameworkCore.Database.Command[20101]
      Executed DbCommand (0ms) [Parameters=[], CommandType='Text', CommandTimeout='30']
      CREATE TABLE "RoleplayTurns" (
          "Id" TEXT NOT NULL CONSTRAINT "PK_RoleplayTurns" PRIMARY KEY,
          "SessionId" TEXT NOT NULL,
          "Role" TEXT NOT NULL,
          "Message" TEXT NOT NULL,
          "AudioUrl" TEXT NOT NULL,
          "CreatedAtUtc" TEXT NOT NULL,
          CONSTRAINT "FK_RoleplayTurns_RoleplaySessions_SessionId" FOREIGN KEY ("SessionId") REFERENCES "RoleplaySessions" ("Id") ON DELETE CASCADE
      );
info: Microsoft.EntityFrameworkCore.Database.Command[20101]
      Executed DbCommand (0ms) [Parameters=[], CommandType='Text', CommandTimeout='30']
      CREATE UNIQUE INDEX "IX_NotebookEntries_LearnerId_PatternKey" ON "NotebookEntries" ("LearnerId", "PatternKey");
info: Microsoft.EntityFrameworkCore.Database.Command[20101]
      Executed DbCommand (0ms) [Parameters=[], CommandType='Text', CommandTimeout='30']
      CREATE INDEX "IX_NotebookEntries_State" ON "NotebookEntries" ("State");
info: Microsoft.EntityFrameworkCore.Database.Command[20101]
      Executed DbCommand (0ms) [Parameters=[], CommandType='Text', CommandTimeout='30']
      CREATE INDEX "IX_Phrases_CommunicationFunction" ON "Phrases" ("CommunicationFunction");
info: Microsoft.EntityFrameworkCore.Database.Command[20101]
      Executed DbCommand (0ms) [Parameters=[], CommandType='Text', CommandTimeout='30']
      CREATE INDEX "IX_Phrases_Level" ON "Phrases" ("Level");
info: Microsoft.EntityFrameworkCore.Database.Command[20101]
      Executed DbCommand (0ms) [Parameters=[], CommandType='Text', CommandTimeout='30']
      CREATE INDEX "IX_Phrases_State" ON "Phrases" ("State");
info: Microsoft.EntityFrameworkCore.Database.Command[20101]
      Executed DbCommand (0ms) [Parameters=[], CommandType='Text', CommandTimeout='30']
      CREATE INDEX "IX_review_attempts_review_item_id" ON "review_attempts" ("review_item_id");
info: Microsoft.EntityFrameworkCore.Database.Command[20101]
      Executed DbCommand (0ms) [Parameters=[], CommandType='Text', CommandTimeout='30']
      CREATE UNIQUE INDEX "IX_review_items_user_id_item_id_review_track" ON "review_items" ("user_id", "item_id", "review_track");
info: Microsoft.EntityFrameworkCore.Database.Command[20101]
      Executed DbCommand (0ms) [Parameters=[], CommandType='Text', CommandTimeout='30']
      CREATE INDEX "IX_RoleplayScenarios_State" ON "RoleplayScenarios" ("State");
info: Microsoft.EntityFrameworkCore.Database.Command[20101]
      Executed DbCommand (0ms) [Parameters=[], CommandType='Text', CommandTimeout='30']
      CREATE INDEX "IX_RoleplaySessions_LearnerId" ON "RoleplaySessions" ("LearnerId");
info: Microsoft.EntityFrameworkCore.Database.Command[20101]
      Executed DbCommand (0ms) [Parameters=[], CommandType='Text', CommandTimeout='30']
      CREATE INDEX "IX_RoleplayTurns_SessionId" ON "RoleplayTurns" ("SessionId");
info: Microsoft.EntityFrameworkCore.Database.Command[20101]
      Executed DbCommand (0ms) [Parameters=[], CommandType='Text', CommandTimeout='30']
      CREATE INDEX "IX_SpeakingAttempts_ContentItemId" ON "SpeakingAttempts" ("ContentItemId");
info: Microsoft.EntityFrameworkCore.Database.Command[20101]
      Executed DbCommand (0ms) [Parameters=[], CommandType='Text', CommandTimeout='30']
      CREATE INDEX "IX_SpeakingAttempts_LearnerId" ON "SpeakingAttempts" ("LearnerId");
info: Microsoft.EntityFrameworkCore.Database.Command[20101]
      Executed DbCommand (2ms) [Parameters=[@__phraseId_0='?' (Size = 36)], CommandType='Text', CommandTimeout='30']
      SELECT EXISTS (
          SELECT 1
          FROM "Phrases" AS "p"
          WHERE "p"."Id" = @__phraseId_0)
info: Microsoft.EntityFrameworkCore.Database.Command[20101]
      Executed DbCommand (0ms) [Parameters=[@__scenarioId_0='?' (Size = 36)], CommandType='Text', CommandTimeout='30']
      SELECT EXISTS (
          SELECT 1
          FROM "RoleplayScenarios" AS "r"
          WHERE "r"."Id" = @__scenarioId_0)
info: Microsoft.EntityFrameworkCore.Database.Command[20101]
      Executed DbCommand (1ms) [Parameters=[@p0='?' (Size = 36), @p1='?' (Size = 7), @p2='?' (DbType = Int32), @p3='?' (DbType = DateTimeOffset), @p4='?' (Size = 43), @p5='?' (Size = 4), @p6='?' (Size = 9), @p7='?' (Size = 25), @p8='?' (DbType = DateTimeOffset), @p9='?' (Size = 28)], CommandType='Text', CommandTimeout='30']
      INSERT INTO "Phrases" ("Id", "CommunicationFunction", "ContentVersion", "CreatedAtUtc", "Example", "Level", "State", "Text", "UpdatedAtUtc", "ViMeaning")
      VALUES (@p0, @p1, @p2, @p3, @p4, @p5, @p6, @p7, @p8, @p9);
info: Microsoft.EntityFrameworkCore.Database.Command[20101]
      Executed DbCommand (0ms) [Parameters=[@p0='?' (Size = 36), @p1='?' (Size = 18), @p2='?' (Size = 45), @p3='?' (DbType = Int32), @p4='?' (DbType = DateTimeOffset), @p5='?' (DbType = Int32), @p6='?' (Size = 31), @p7='?' (Size = 39), @p8='?' (Size = 9), @p9='?' (Size = 40), @p10='?' (Size = 16), @p11='?' (DbType = DateTimeOffset), @p12='?' (Size = 9), @p13='?' (Size = 45)], CommandType='Text', CommandTimeout='30']
      INSERT INTO "RoleplayScenarios" ("Id", "ClientPersona", "CommunicationGoal", "ContentVersion", "CreatedAtUtc", "Difficulty", "MustCoverPoints", "PassCriteria", "State", "TargetPhraseIds", "Title", "UpdatedAtUtc", "UserRole", "WorkplaceContext")
      VALUES (@p0, @p1, @p2, @p3, @p4, @p5, @p6, @p7, @p8, @p9, @p10, @p11, @p12, @p13);
info: Microsoft.EntityFrameworkCore.Database.Command[20101]
      Executed DbCommand (1ms) [Parameters=[], CommandType='Text', CommandTimeout='30']
      SELECT "p"."Id", "p"."CommunicationFunction", "p"."ContentVersion", "p"."CreatedAtUtc", "p"."Example", "p"."Level", "p"."State", "p"."Text", "p"."UpdatedAtUtc", "p"."ViMeaning"
      FROM "Phrases" AS "p"
fail: Microsoft.AspNetCore.Diagnostics.DeveloperExceptionPageMiddleware[1]
      An unhandled exception has occurred while executing the request.
      System.InvalidOperationException: The PipeWriter 'ResponseBodyPipeWriter' does not implement PipeWriter.UnflushedBytes.
         at System.Text.Json.ThrowHelper.ThrowInvalidOperationException_PipeWriterDoesNotImplementUnflushedBytes(PipeWriter pipeWriter)
         at System.Text.Json.Serialization.Metadata.JsonTypeInfo`1.SerializeAsync(PipeWriter pipeWriter, T rootValue, Int32 flushThreshold, CancellationToken cancellationToken, Object rootValueBoxed)
         at System.Text.Json.Serialization.Metadata.JsonTypeInfo`1.SerializeAsync(PipeWriter pipeWriter, T rootValue, Int32 flushThreshold, CancellationToken cancellationToken, Object rootValueBoxed)
         at Microsoft.AspNetCore.Http.HttpResponseJsonExtensions.WriteAsJsonAsyncSlow[TValue](PipeWriter body, TValue value, JsonSerializerOptions options, CancellationToken cancellationToken)
         at Swashbuckle.AspNetCore.SwaggerUI.SwaggerUIMiddleware.Invoke(HttpContext httpContext)
         at Swashbuckle.AspNetCore.Swagger.SwaggerMiddleware.Invoke(HttpContext httpContext, ISwaggerProvider swaggerProvider)
         at Microsoft.AspNetCore.Diagnostics.DeveloperExceptionPageMiddlewareImpl.Invoke(HttpContext context)
[xUnit.net 00:00:01.40]       Assert.Equal() Failure: Values differ
[xUnit.net 00:00:01.40]       Expected: OK
[xUnit.net 00:00:01.40]       Actual:   InternalServerError
[xUnit.net 00:00:01.40]       Stack Trace:
[xUnit.net 00:00:01.40]         D:\AMWork\ai\english-learn\apps\api\tests\EnglishCoach.ApiTests\Admin\AdminEndpointsTests.cs(71,0): at EnglishCoach.ApiTests.Admin.AdminEndpointsTests.Admin_Route_Returns_Ok_When_Role_Is_Admin()
[xUnit.net 00:00:01.40]         --- End of stack trace from previous location ---
[xUnit.net 00:00:01.40]   Finished:    EnglishCoach.ApiTests
  Failed EnglishCoach.ApiTests.Admin.AdminEndpointsTests.Admin_Route_Returns_Ok_When_Role_Is_Admin [1 s]
  Error Message:
   Assert.Equal() Failure: Values differ
Expected: OK
Actual:   InternalServerError
  Stack Trace:
     at EnglishCoach.ApiTests.Admin.AdminEndpointsTests.Admin_Route_Returns_Ok_When_Role_Is_Admin() in D:\AMWork\ai\english-learn\apps\api\tests\EnglishCoach.ApiTests\Admin\AdminEndpointsTests.cs:line 71
--- End of stack trace from previous location ---

Total tests: 1
     Failed: 1
 Total time: 1.8144 Seconds
